05-26 21:13:41 com_github_MitjaNemec_ReplicateLayout.action_replicate_layout 409:Plugin executed on: 'win32'
05-26 21:13:41 com_github_MitjaNemec_ReplicateLayout.action_replicate_layout 410:Plugin executed with python version: '3.11.5 (main, Jan 23 2026, 07:39:48) [MSC v.1944 64 bit (AMD64)]'
05-26 21:13:41 com_github_MitjaNemec_ReplicateLayout.action_replicate_layout 411:KiCad build version: 10.0.3
05-26 21:13:41 com_github_MitjaNemec_ReplicateLayout.action_replicate_layout 412:Plugin version: 4.0.3
05-26 21:13:41 com_github_MitjaNemec_ReplicateLayout.action_replicate_layout 413:Frame repr: <wx._core.Frame object at 0x000002771C6E49D0>
05-26 21:13:41 com_github_MitjaNemec_ReplicateLayout.action_replicate_layout 437:Preparing replicator with U1 as a reference
05-26 21:13:41 com_github_MitjaNemec_ReplicateLayout.replicate_layout 117:getting a list of all footprints on board
05-26 21:13:41 com_github_MitjaNemec_ReplicateLayout.action_replicate_layout 485:source anchor footprint is 'U1'
Located on: ['/LIS2DH_unit1/']
With filenames: ['LIS2DH_unit1.kicad_sch']
With sheet_id:['/LIS2DH_unit1/']
05-26 21:13:41 com_github_MitjaNemec_ReplicateLayout.action_replicate_layout 492:Corresponding footprints are 
[('U16', ['/LIS2DH_unit16/']), ('U14', ['/LIS2DH_unit14/']), ('U3', ['/LIS2DH_unit3/']), ('U5', ['/LIS2DH_unit5/']), ('U4', ['/LIS2DH_unit4/']), ('U12', ['/LIS2DH_unit12/']), ('U8', ['/LIS2DH_unit8/']), ('U1', ['/LIS2DH_unit1/']), ('U15', ['/LIS2DH_unit15/']), ('U10', ['/LIS2DH_unit10/']), ('U11', ['/LIS2DH_unit11/']), ('U6', ['/LIS2DH_unit6/']), ('U9', ['/LIS2DH_unit9/']), ('U7', ['/LIS2DH_unit7/']), ('U2', ['/LIS2DH_unit2/']), ('U13', ['/LIS2DH_unit13/'])]
05-26 21:13:41 com_github_MitjaNemec_ReplicateLayout.action_replicate_layout 504:Showing dialog
05-26 21:13:41 com_github_MitjaNemec_ReplicateLayout.replicate_layout 472:constructing a list of sheets suitable for replication on level:'/LIS2DH_unit1/', file:'LIS2DH_unit1.kicad_sch'
05-26 21:13:41 com_github_MitjaNemec_ReplicateLayout.replicate_layout 509:suitable sheets are:[['/LIS2DH_unit10/'], ['/LIS2DH_unit11/'], ['/LIS2DH_unit12/'], ['/LIS2DH_unit13/'], ['/LIS2DH_unit14/'], ['/LIS2DH_unit15/'], ['/LIS2DH_unit16/'], ['/LIS2DH_unit2/'], ['/LIS2DH_unit3/'], ['/LIS2DH_unit4/'], ['/LIS2DH_unit5/'], ['/LIS2DH_unit6/'], ['/LIS2DH_unit7/'], ['/LIS2DH_unit8/'], ['/LIS2DH_unit9/']]
05-26 21:13:41 com_github_MitjaNemec_ReplicateLayout.replicate_layout 1512:Level selected: ['/LIS2DH_unit1/']
05-26 21:13:41 com_github_MitjaNemec_ReplicateLayout.replicate_layout 1336:Filtering list of tracks
05-26 21:13:41 com_github_MitjaNemec_ReplicateLayout.action_replicate_layout 519:Fatal error when making an instance of replicator
Traceback (most recent call last):
  File "C:\Users\19334\Documents\KiCad\10.0\3rdparty\\plugins\com_github_MitjaNemec_ReplicateLayout\action_replicate_layout.py", line 509, in Run
    toolbar_pos = self.frame.FindWindowById(pcbnew.ID_V_TOOLBAR).GetScreenPosition()
                                            ^^^^^^^^^^^^^^^^^^^
AttributeError: module 'pcbnew' has no attribute 'ID_V_TOOLBAR'
